== Running NetBSD in Qemu-neo1973 ==
A NetBSD port is only ready for kernel developers.

=== Required tools ===
You will need mkimage from u-boot. It's available in http://pkgsrc-wip.sourceforge.net under u-boot.

You will also need Qemu-neo1973. Hints on building it are avaliable from [[Talk:OpenMoko under QEMU|this page.]]

=== Building NetBSD ===
You'll need to add a kernel config file supporting FIC's Neo1973
to /usr/src/sys/arch/evbarm/conf.

Here's such a kernel config file, named NEO1973:
 <pre>
#	$NetBSD$
#
#	NEO1973 -- FIC's Neo1973 phone.
#

include "arch/evbarm/conf/SMDK2410"

options	SDRAM_SIZE=134217728

# SPI port 0
ssspi0	at ssio? index 0

# USB Bluetooth
ubt*    at uhub? port ?
bthci*  at ubt?
 </pre>

From the NetBSD src tree run:
 <code>
 cd /usr/src
 ./build.sh -m evbarm tools
 ./build.sh -u -m evbarm kernel=NEO1973
 mkimage -A arm -O netbsd -T kernel -C none -a 30008000 -e 30008110 -n "Kernel Image" -d /usr/obj/sys/arch/evbarm/compile/NEO1973/netbsd  /usr/obj/sys/arch/evbarm/compile/NEO1973/netbsd.boot
 </code>

You'll now have a copy of the NetBSD kernel, called netbsd.boot, that's able to be loaded by u-boot.

=== Running NetBSD ===

From the qemu directory edit the openmoko/flash.sh and add the line
 <code>
 kernel_image="/usr/obj/sys/arch/evbarm/compile/NEO1973/netbsd.boot"
 </code>
after the four "most_recent" lines.

Next run
 <code>
 ./openmoko/download.sh
 ./openmoko/flash.sh
 </code>

This will fetch the required parts and create an image to run. They require you to have bash installed.

Finally run qemu with
 <code>
 cd /usr/pkg/emul/neo1973; qemu-system-arm -M neo -m 130 -mtdblock openmoko/openmoko-flash.image -kernel openmoko/openmoko-kernel.bin -usb -show-cursor -serial telnet:localhost:1200,server
 </code>

And from another xterm
 <code>
 telnet localhost 1200
 </code>
and qemu will go on with the startup process.


In Qemu running u-boot

press Enter two times to opt "Set console to serial"

press Space to select. 

press Space to select option "Boot"

In telnet to the serial port you should see:
<pre>
host007# telnet localhost 1200
Trying 127.0.0.1...
Connected to localhost.
Escape character is '^]'.


U-Boot 1.2.0-moko9_r0 (Aug 19 2007 - 19:17:12)

DRAM:  128 MB
NAND:  64 MiB
Found Environment offset in OOB..
Video: 640x480x8 31kHz 59Hz

NAND read: device 0 offset 0x25c000, size 0x5000

Reading data from 0x260e00 -- 100% complete.
 20480 bytes read: OK
USB:   S3C2410 USB Deviced
In:    serial
Out:   serial
Err:   serial
GTA01Bv4 # Copyright (c) 1996, 1997, 1998, 1999, 2000, 2001, 2002, 2003, 2004, 2005
    The NetBSD Foundation, Inc.  All rights reserved.
Copyright (c) 1982, 1986, 1989, 1991, 1993
    The Regents of the University of California.  All rights reserved.

NetBSD 3.1 (NEO1973) #4: Mon Oct  8 23:20:23 CEST 2007
        noud4@host007.template:/usr/obj/sys/arch/evbarm/compile/NEO1973
total memory = 128 MB
avail memory = 119 MB
mainbus0 (root)
cpu0 at mainbus0: ARM920T rev 0 (ARM9TDMI core)
cpu0: DC enabled IC enabled WB enabled EABT
cpu0: 16KB/32B 64-way Instruction cache
cpu0: 16KB/32B 64-way write-back-locking-A Data cache
ssio0 at mainbus0: fclk 200 MHz hclk 100 MHz pclk 50 MHz
ohci0 at ssio0 intr 26
ohci0: OHCI version 1.0
usb0 at ohci0: USB revision 1.0
uhub0 at usb0
uhub0: Samsung OHCI root hub, class 9/0, rev 1.00/1.00, addr 1
uhub0: 3 ports with 3 removable, self powered
sscom0 at ssio0 unit 0: UART0 addr=50000000
sscom0: console (major=104)
sscom1 at ssio0 unit 1: UART1 addr=50004000
ssextio0 at ssio0
lcd0 at ssio0
wsdisplay0 at lcd0 kbdmux 1
wsmux1: connecting to wsdisplay0
ssspi1 at ssio0 unit 1
sskbd0 at ssspi1 intr 1
wskbd0 at sskbd0 mux 1
wskbd0: connecting to wsdisplay0
ssspi0 at ssio0 unit 0
clock: hz=100 stathz = 64 PCLK=50000000 prescaler=2 tc=24414
ubt0 at uhub0 port 3 configuration 1 interface 0
ubt0: Cambridge Silicon Radio Bluetooth USB Adapter, rev 2.00/19.58, addr 2
ubt0: has isoc data
bthci0 at ubt0
boot device: <unknown>
root device: 
</pre>

This all thanks to and inspired by the [[FreeBSD]] page

This in comparance to  the [http://wiki.openmoko.org/wiki/Wishlist:Neo1973_P0_Review#System_information Linux dmesg]
